mine.moneropool.com
kippo.eu
pool.minexmr.com
monero.crypto-pool.fr
pool.cryptoescrow.eu
xmr.hashinvest.ws
monero.farm
cryptonotepool.org.uk
monerominers.net
xmr.coinmine.pl
mro.poolto.be
mine.moneropool.com.br
mro.extremepool.org
fcn-mro.pool.minergate.com
mine.moneropool.org
mining.ypool.net
ptsmine.beeeeer.org
ptspool.1gh.com
xptspool.upcpu.com
work.mmcpool.com
mmcpool.1gh.com
erebor.dwarfpool.com
moria.dwarfpool.com
qcnpool.org
qcn.extremepool.org
qcn.hashinvest.ws
qcn.ext-pool.net
qcn.cryptity.com
qcn.server.5limi.com
webcoin.me
bcn.extremepool.org
bcn.ext-pool.net
fcn-bcn.pool.minergate.com
grs.cpu-pool.net
cryptohunger.com
mine1.coinmine.pl
groestlcoin.biz
stratum.cryptofrenzy.eu
mine3.dmd.nonce-pool.com
xmr.crypto-pool.fr
monerohash.com
mine.sumo.fairpool.cloud
viaxmr.com
monero.hashvault.pro
moriaxmr.com
xmr.suprnova.cc
MoneroOcean.stream
xmrpool.eu
xmrpool.de
mineXMR.com
xmr.prohash.net
sheepman.mine.bz
xmr.mypool.online
bohemianpool.com
moneropool.nl
iwanttoearn.money
pool.xmr.pt
monero.miners.pro
minercircle.com
monero.lindon-pool.win
teracycle.net
ratchetmining.com
monero.us.to
usxmrpool.com
xmrpool.xyz
minemonero.gq
alimabi.cn
pooldd.com
monero.riefly.id
monero.backup-pool.com
monero.xminingpool.com
monero.net
xmr.crypto-pools.org
hashinvest.net
xmr-eu1.nanopool.org
